
Starting cell relaxation by ASE

Final results
  Total Energy                  :  -327.840656 eV
  ASE-style max force (norm)    : 0.002384 eV/Å
  QE-style max force            : 0.000000 eV/Å
  Pressure                      : 0.064236 kbar

Final relaxed structure saved to: final_relaxed_structure.vasp

Relaxation complete
