
[Phase A] Running SCF calculation...
  SCF completed. Total energy: -63.067046 eV
  Fermi energy from SCF: 8.080300 eV

Cleaning up SCF files and preparing for band structure calculation...
  Moved all SCF-related files to scf_files directory

[Phase B] Running NSCF (bands) calculation...
  NSCF (bands) calculation completed
  Calculating band structure from NSCF
  bands.x completed successfully
  Plotting bands
  plotband.x completed successfully
  Exporting plot as jpg image

=== Band Structure Calculation Complete ===
Generated files:
- SCF results: scf_files/
- Band structure data: bands.dat
- Band structure plot: bands.dat.gnu, bands.jpg
