LÃ¶wdin Charges from SCF calculation (projwfc.out):
================================================
Lowdin Charges: 

     Atom #   1: total charge =   3.9565, s =  0.8873, 
     Atom #   1: total charge =   3.9565, p =  3.0693, pz=  0.9868, px=  1.0412, py=  1.0412, 
     Atom #   2: total charge =   3.9565, s =  0.8873, 
     Atom #   2: total charge =   3.9565, p =  3.0693, pz=  0.9868, px=  1.0412, py=  1.0412, 

Spilling Parameter: 0.010900
