
Using k-point grid (39, 39, 1) for ecutwfc convergence testing

Starting convergence tests...
============================================================

1. Testing ecutwfc convergence with k-point grid (39, 39, 1) :
------------------------------------------------------------
ecutwfc (Ry)   Energy (eV)    ΔE (meV/atom)
------------------------------------------------------------
      20.0     -318.723512     -
      25.0     -322.572904   -1924.696 
      30.0     -324.528289   -977.693 
      35.0     -325.753873   -612.792 
      40.0     -326.624542   -435.335 
      45.0     -327.171786   -273.622 
      50.0     -327.496099   -162.157 
      55.0     -327.667408    -85.654 
      60.0     -327.752210    -42.401 
      65.0     -327.796373    -22.082 
      70.0     -327.819717    -11.672 
      75.0     -327.831483     -5.883 
      80.0     -327.836275     -2.396 
      85.0     -327.837777     -0.751 
      90.0     -327.838129     -0.176 
      95.0     -327.838172     -0.022 
     100.0     -327.838183     -0.005 *
------------------------------------------------------------
>>> ecutwfc CONVERGED at 100 Ry (ΔE < 0.01 meV/atom)
------------------------------------------------------------

2. Testing k-point convergence with ecutwfc = 100 Ry:
------------------------------------------------------------
K-point grid   Energy (eV)    ΔE (meV/atom)
------------------------------------------------------------
(3, 3, 1)        -327.295619     -
(6, 6, 1)        -327.788674   -246.527 
(9, 9, 1)        -327.824502    -17.914 
(12, 12, 1)      -327.832791     -4.144 
(15, 15, 1)      -327.835656     -1.432 
(18, 18, 1)      -327.836871     -0.608 
(21, 21, 1)      -327.837458     -0.294 
(24, 24, 1)      -327.837769     -0.156 
(27, 27, 1)      -327.837945     -0.088 
(30, 30, 1)      -327.838050     -0.052 
(33, 33, 1)      -327.838115     -0.032 
(36, 36, 1)      -327.838156     -0.021 
(39, 39, 1)      -327.838183     -0.013 
(42, 42, 1)      -327.838200     -0.009 *
------------------------------------------------------------
>>> K-points CONVERGED at (42, 42, 1) (ΔE < 0.01 meV/atom)
------------------------------------------------------------
============================================================
Convergence summary:
- ecutwfc: 100
- k-points: (42, 42, 1)
============================================================
