
     Program DYNMAT v.7.4.1 starts on 27Aug2025 at  9:20:36 

     This program is part of the open-source Quantum ESPRESSO suite
     for quantum simulation of materials; please cite
         "P. Giannozzi et al., J. Phys.:Condens. Matter 21 395502 (2009);
         "P. Giannozzi et al., J. Phys.:Condens. Matter 29 465901 (2017);
         "P. Giannozzi et al., J. Chem. Phys. 152 154105 (2020);
          URL http://www.quantum-espresso.org", 
     in publications or presentations arising from this work. More details at
     http://www.quantum-espresso.org/quote

     Serial version
     14920 MiB available memory on the printing compute node when the environment starts


     Reading Dynamical Matrix from file si.dyn
     ...Force constants read
     ...epsilon and Z* read
     ...Raman cross sections read
     Acoustic Sum Rule: || Z*(ASR) - Z*(orig)|| =    1.380344E+01
     Acoustic Sum Rule: ||dyn(ASR) - dyn(orig)||=    1.133471E-03
     A direction for q was not specified:TO-LO splitting will be absent

     Polarizability (A^3 units)
     multiply by 0.047160 for Clausius-Mossotti correction
       197.136092    0.000000   -0.000000
         0.000000  197.136092    0.000000
        -0.000000    0.000000  197.136092

     IR activities are in (D/A)^2/amu units
     Raman activities are in A^4/amu units
     multiply Raman by 0.002224 for Clausius-Mossotti correction

# mode   [cm-1]    [THz]      IR          Raman   depol.fact
    1     -0.00   -0.0000    0.0000         0.0000    0.7499
    2     -0.00   -0.0000    0.0000         0.0000    0.6415
    3      0.00    0.0000    0.0000         0.0000    0.7344
    4    563.97   16.9074    0.0000     39582.0351    0.7500
    5    563.97   16.9074    0.0000     39582.0351    0.7500
    6    563.97   16.9074    0.0000     39582.0351    0.7500

     DYNMAT       :      0.00s CPU      0.00s WALL


   This run was terminated on:   9:20:36  27Aug2025            

=------------------------------------------------------------------------------=
   JOB DONE.
=------------------------------------------------------------------------------=
