
     Program PHONON v.7.4.1 starts on 27Aug2025 at  9:20:24 

     This program is part of the open-source Quantum ESPRESSO suite
     for quantum simulation of materials; please cite
         "P. Giannozzi et al., J. Phys.:Condens. Matter 21 395502 (2009);
         "P. Giannozzi et al., J. Phys.:Condens. Matter 29 465901 (2017);
         "P. Giannozzi et al., J. Chem. Phys. 152 154105 (2020);
          URL http://www.quantum-espresso.org", 
     in publications or presentations arising from this work. More details at
     http://www.quantum-espresso.org/quote

     Serial version
     14941 MiB available memory on the printing compute node when the environment starts

     Waiting for input...
     Reading input from standard input
      Title line not specified: using 'default'.

     Reading xml data from directory:

     ./tmp/si_scf.save/


     IMPORTANT: XC functional enforced from input :
     Exchange-correlation= PZ
                           (   1   1   0   0   0   0   0)
     Any further DFT definition will be discarded
     Please, verify this is what you really want


     G-vector sticks info
     --------------------
     sticks:   dense  smooth     PW     G-vecs:    dense   smooth      PW
     Sum         877     439    139                17261     6183    1067

     Using Slab Decomposition

     Reading collected, re-writing distributed wavefunctions in ./tmp/

     Number and degeneracy of irreps per q-point
       N         xq(1)         xq(2)         xq(3)   N irreps
       1   0.000000000   0.000000000   0.000000000       2
        3   3

     Calculation of q =    0.0000000   0.0000000   0.0000000

     default                                                                    

     bravais-lattice index     =            0
     lattice parameter (alat)  =       7.3065  a.u.
     unit-cell volume          =     275.8081 (a.u.)^3
     number of atoms/cell      =            2
     number of atomic types    =            1
     kinetic-energy cut-off    =      30.0000  Ry
     charge density cut-off    =     240.0000  Ry
     convergence threshold     =      1.0E-12
     beta                      =       0.7000
     number of iterations used =            4
     Exchange-correlation= PZ
                           (   1   1   0   0   0   0   0)


     celldm(1)=    7.30647  celldm(2)=    0.00000  celldm(3)=    0.00000
     celldm(4)=    0.00000  celldm(5)=    0.00000  celldm(6)=    0.00000

     crystal axes: (cart. coord. in units of alat)
               a(1) = ( -0.0000  0.7071  0.7071 )  
               a(2) = (  0.7071  0.0000  0.7071 )  
               a(3) = (  0.7071  0.7071  0.0000 )  

     reciprocal axes: (cart. coord. in units 2 pi/alat)
               b(1) = ( -0.7071  0.7071  0.7071 )  
               b(2) = (  0.7071 -0.7071  0.7071 )  
               b(3) = (  0.7071  0.7071 -0.7071 )  


     Atoms inside the unit cell: 

     Cartesian axes

     site n.  atom      mass           positions (alat units)
        1  Si     28.0855   tau(    1) = (    0.35355    1.06066    1.06066  )
        2  Si     28.0855   tau(    2) = (    0.00000    0.00000    0.00000  )

     Computing dynamical matrix for 
                    q = (   0.0000000   0.0000000   0.0000000 )

     49 Sym.Ops. (with q -> -q+G )


     G cutoff =  324.5384  (  17261 G-vectors)     FFT grid: ( 40, 40, 40)
     G cutoff =  162.2692  (   6183 G-vectors)  smooth grid: ( 32, 32, 32)
     number of k points=     3
                       cart. coord. in units 2pi/alat
        k(    1) = (   0.0000000   0.0000000   0.0000000), wk =   0.2500000
        k(    2) = (  -0.3535534  -0.3535534   0.3535534), wk =   1.0000000
        k(    3) = (  -0.7071068   0.0000000   0.0000000), wk =   0.7500000

     PseudoPot. # 1 for Si read from file:
     ./Si.pz-vbc.UPF
     MD5 check sum: 6dfa03ddd5817404712e03e4d12deb78
     Pseudo is Norm-conserving, Zval =  4.0
     Generated by new atomic code, or converted to UPF format
     Using radial grid of  431 points,  2 beta functions with: 
                l(1) =   0
                l(2) =   1

     Mode symmetry, O_h (m-3m)  point group:


     Electric field:
     Dielectric constant
     Born effective charges as d Force / d E
     Raman tensor


     Atomic displacements:
     There are    2 irreducible representations

     Representation     1      3 modes -  To be done

     Representation     2      3 modes -  To be done



     Alpha used in Ewald sum =   2.5000
     PHONON       :      0.04s CPU      0.06s WALL


     Electric Fields Calculation

      iter #   1 total cpu time :     0.6 secs   av.it.:   6.6
      thresh= 1.000E-02 alpha_mix =  0.700 |ddv_scf|^2 =  3.375E-07

      iter #   2 total cpu time :     0.9 secs   av.it.:   9.9
      thresh= 5.810E-05 alpha_mix =  0.700 |ddv_scf|^2 =  2.399E-08

      iter #   3 total cpu time :     1.2 secs   av.it.:  10.2
      thresh= 1.549E-05 alpha_mix =  0.700 |ddv_scf|^2 =  1.381E-09

      iter #   4 total cpu time :     1.5 secs   av.it.:  10.3
      thresh= 3.717E-06 alpha_mix =  0.700 |ddv_scf|^2 =  1.075E-11

      iter #   5 total cpu time :     1.8 secs   av.it.:  10.1
      thresh= 3.278E-07 alpha_mix =  0.700 |ddv_scf|^2 =  8.233E-16

     End of electric fields calculation

          Dielectric constant in cartesian axis 

          (      61.622360065      -0.000000000       0.000000000 )
          (      -0.000000000      61.622360065      -0.000000000 )
          (      -0.000000000      -0.000000000      61.622360065 )

          Effective charges (d Force / dE) in cartesian axis without acoustic sum rule applied (asr)

           atom    1  Si    Mean Z*:       -5.63523
      Ex  (       -5.63523        0.00000       -0.00000 )
      Ey  (        0.00000       -5.63523       -0.00000 )
      Ez  (       -0.00000       -0.00000       -5.63523 )
           atom    2  Si    Mean Z*:       -5.63523
      Ex  (       -5.63523       -0.00000       -0.00000 )
      Ey  (       -0.00000       -5.63523        0.00000 )
      Ez  (       -0.00000        0.00000       -5.63523 )

          Effective charges Sum: Mean:      -11.27047
            -11.27047        0.00000       -0.00000
             -0.00000      -11.27047       -0.00000
             -0.00000       -0.00000      -11.27047

          Effective charges (d Force / dE) in cartesian axis with asr applied: 
           atom    1  Si    Mean Z*:        0.00000
      E*x (        0.00000        0.00000        0.00000 )
      E*y (        0.00000        0.00000       -0.00000 )
      E*z (        0.00000       -0.00000       -0.00000 )
           atom    2  Si    Mean Z*:        0.00000
      E*x (        0.00000       -0.00000        0.00000 )
      E*y (       -0.00000        0.00000        0.00000 )
      E*z (        0.00000        0.00000        0.00000 )

     Calling punch_plot_e
     Writing on file  drho                                                                                                                                                                                                                                                            

     Computing Pc [DH,Drho] |psi> 

     Derivative coefficient:  0.001000    Threshold: 1.00E-12
     Non-scf  u_k: avg # of iterations = 15.9
     Non-scf Du_k: avg # of iterations = 24.8

          Dielectric constant from finite-differences

          (      61.612983720       0.000000000      -0.000000000 )
          (       0.000000000      61.612983720       0.000000000 )
          (      -0.000000000       0.000000000      61.612983720 )

     Computing Second order response 


      iter #   1   av.it.:   9.0
      thresh= 1.000E-02 alpha_mix =  0.700 |ddv_scf|^2 =  8.758E-05


      iter #   2   av.it.:   9.5
      thresh= 9.358E-04 alpha_mix =  0.700 |ddv_scf|^2 =  5.365E-07


      iter #   3   av.it.:  10.0
      thresh= 7.325E-05 alpha_mix =  0.700 |ddv_scf|^2 =  1.235E-08


      iter #   4   av.it.:   9.3
      thresh= 1.111E-05 alpha_mix =  0.700 |ddv_scf|^2 =  3.417E-10


      iter #   5   av.it.:   9.6
      thresh= 1.848E-06 alpha_mix =  0.700 |ddv_scf|^2 =  6.628E-12


      iter #   6   av.it.:   9.4
      thresh= 2.574E-07 alpha_mix =  0.700 |ddv_scf|^2 =  6.059E-15

          Raman tensor (au^-1) in cartesian axis 

           atom      1
          (       0.000000000       0.000000000      -0.000000000 )
          (       0.000000000      -0.000000000      26.470744198 )
          (      -0.000000000      26.470744198       0.000000000 )

          (      -0.000000000      -0.000000000      26.470744198 )
          (       0.000000000       0.000000000      -0.000000000 )
          (      26.470744198      -0.000000000      -0.000000000 )

          (       0.000000000      26.470744198      -0.000000000 )
          (      26.470744198      -0.000000000       0.000000000 )
          (      -0.000000000       0.000000000       0.000000000 )

           atom      2
          (      -0.000000000       0.000000000       0.000000000 )
          (      -0.000000000       0.000000000     -26.470744198 )
          (       0.000000000     -26.470744198       0.000000000 )

          (       0.000000000      -0.000000000     -26.470744198 )
          (      -0.000000000      -0.000000000      -0.000000000 )
          (     -26.470744198      -0.000000000      -0.000000000 )

          (       0.000000000     -26.470744198      -0.000000000 )
          (     -26.470744198      -0.000000000       0.000000000 )
          (      -0.000000000       0.000000000      -0.000000000 )


     Raman tensor (A^2)

     atom #    1    pol.  1
      0.329540196690E-13      0.111187001544E-13     -0.111187001544E-13
      0.111187001544E-13     -0.543872583893E-13      0.162691736406E+03
     -0.111187001544E-13      0.162691736406E+03      0.111187001544E-13
     atom #    1    pol.  2
     -0.653049181466E-13     -0.216342791175E-13      0.162691736406E+03
      0.201040397111E-15      0.875423184554E-13     -0.547893391836E-13
      0.162691736406E+03     -0.547893391836E-13     -0.107166193602E-13
     atom #    1    pol.  3
      0.653049181466E-13      0.162691736406E+03     -0.434695986321E-13
      0.162691736406E+03     -0.111187001544E-13      0.329540196690E-13
     -0.325519388748E-13      0.111187001544E-13      0.107166193602E-13
     atom #    2    pol.  1
     -0.678569649958E-14      0.150496230150E-13      0.678569649958E-14
     -0.678569649958E-14      0.150496230150E-13     -0.162691736406E+03
      0.286210160142E-13     -0.162691736406E+03      0.368849425296E-13
     atom #    2    pol.  2
      0.413196325771E-14     -0.678569649958E-14     -0.162691736406E+03
     -0.132686662093E-14     -0.231621861355E-13     -0.959079313636E-14
     -0.162691736406E+03     -0.205084528936E-13     -0.132686662093E-14
     atom #    2    pol.  3
      0.678569649958E-14     -0.162691736406E+03     -0.286210160142E-13
     -0.162691736406E+03     -0.413196325771E-14      0.259672827723E-13
     -0.395386757715E-13      0.259672827723E-13     -0.413196325771E-14


     Representation #   1 modes #   1   2   3

     Self-consistent Calculation

      iter #   1 total cpu time :    10.0 secs   av.it.:   4.3
      thresh= 1.000E-02 alpha_mix =  0.700 |ddv_scf|^2 =  1.946E-08

      iter #   2 total cpu time :    10.3 secs   av.it.:   8.8
      thresh= 1.395E-05 alpha_mix =  0.700 |ddv_scf|^2 =  1.673E-10

      iter #   3 total cpu time :    10.6 secs   av.it.:   8.9
      thresh= 1.294E-06 alpha_mix =  0.700 |ddv_scf|^2 =  4.945E-12

      iter #   4 total cpu time :    10.9 secs   av.it.:   8.9
      thresh= 2.224E-07 alpha_mix =  0.700 |ddv_scf|^2 =  5.385E-15

     End of self-consistent calculation

     Convergence has been achieved 


     Representation #   2 modes #   4   5   6

     Self-consistent Calculation

      iter #   1 total cpu time :    11.1 secs   av.it.:   5.0
      thresh= 1.000E-02 alpha_mix =  0.700 |ddv_scf|^2 =  2.237E-08

      iter #   2 total cpu time :    11.4 secs   av.it.:  10.2
      thresh= 1.496E-05 alpha_mix =  0.700 |ddv_scf|^2 =  2.135E-09

      iter #   3 total cpu time :    11.7 secs   av.it.:  10.4
      thresh= 4.621E-06 alpha_mix =  0.700 |ddv_scf|^2 =  9.403E-12

      iter #   4 total cpu time :    12.0 secs   av.it.:  10.6
      thresh= 3.066E-07 alpha_mix =  0.700 |ddv_scf|^2 =  2.740E-14

     End of self-consistent calculation

     Convergence has been achieved 

     Number of q in the star =    1
     List of q in the star:
          1   0.000000000   0.000000000   0.000000000

          Dielectric constant in cartesian axis 

          (      61.612983720       0.000000000      -0.000000000 )
          (       0.000000000      61.612983720       0.000000000 )
          (      -0.000000000       0.000000000      61.612983720 )

          Effective charges (d Force / dE) in cartesian axis without acoustic sum rule applied (asr)

           atom    1  Si    Mean Z*:       -5.63523
      Ex  (       -5.63523        0.00000       -0.00000 )
      Ey  (        0.00000       -5.63523       -0.00000 )
      Ez  (       -0.00000       -0.00000       -5.63523 )
           atom    2  Si    Mean Z*:       -5.63523
      Ex  (       -5.63523       -0.00000       -0.00000 )
      Ey  (       -0.00000       -5.63523        0.00000 )
      Ez  (       -0.00000        0.00000       -5.63523 )

          Effective charges Sum: Mean:      -11.27047
            -11.27047        0.00000       -0.00000
             -0.00000      -11.27047       -0.00000
             -0.00000       -0.00000      -11.27047

          Effective charges (d Force / dE) in cartesian axis with asr applied: 
           atom    1  Si    Mean Z*:        0.00000
      E*x (        0.00000        0.00000        0.00000 )
      E*y (        0.00000        0.00000       -0.00000 )
      E*z (        0.00000       -0.00000       -0.00000 )
           atom    2  Si    Mean Z*:        0.00000
      E*x (        0.00000       -0.00000        0.00000 )
      E*y (       -0.00000        0.00000        0.00000 )
      E*z (        0.00000        0.00000        0.00000 )

     Diagonalizing the dynamical matrix

     q = (    0.000000000   0.000000000   0.000000000 ) 

 **************************************************************************
     freq (    1) =       0.526010 [THz] =      17.545803 [cm-1]
     freq (    2) =       0.526010 [THz] =      17.545803 [cm-1]
     freq (    3) =       0.526010 [THz] =      17.545803 [cm-1]
     freq (    4) =      16.907422 [THz] =     563.970892 [cm-1]
     freq (    5) =      16.907422 [THz] =     563.970892 [cm-1]
     freq (    6) =      16.907422 [THz] =     563.970892 [cm-1]
 **************************************************************************

     Mode symmetry, O_h (m-3m)  point group:

     freq (   1-   3) =         17.5  [cm-1]   --> T_1u G_15  G_4- I  
     freq (   4-   6) =        564.0  [cm-1]   --> T_2g G_25' G_5+ R  

     PHONON       :     12.64s CPU     12.05s WALL

     INITIALIZATION: 
     phq_setup    :      0.01s CPU      0.01s WALL (       1 calls)
     phq_init     :      0.01s CPU      0.01s WALL (       1 calls)

     phq_init     :      0.01s CPU      0.01s WALL (       1 calls)
     init_vloc    :      0.00s CPU      0.01s WALL (       1 calls)
     init_us_1    :      0.00s CPU      0.00s WALL (       1 calls)
     init_us_2    :      0.01s CPU      0.01s WALL (     108 calls)

     DIELECTRIC CONSTANT AND EFFECTIVE CHARGES:
     solve_e      :      1.83s CPU      1.79s WALL (       1 calls)
     dielec       :      0.00s CPU      0.00s WALL (       1 calls)
     zstar_eu     :      0.03s CPU      0.04s WALL (       1 calls)

     RAMAN COEFFICIENTS, THIRD-ORDER CHI:
     dhdrhopsi    :      4.47s CPU      4.20s WALL (       1 calls)
     dvpsi_e2     :      0.27s CPU      0.26s WALL (       1 calls)
     solve_e2     :      3.37s CPU      3.24s WALL (       1 calls)

     DYNAMICAL MATRIX:
     dynmat0      :      0.01s CPU      0.01s WALL (       1 calls)
     dynmat_us    :      0.01s CPU      0.01s WALL (       1 calls)
     d2ionq       :      0.00s CPU      0.00s WALL (       1 calls)
     phqscf       :      2.41s CPU      2.27s WALL (       1 calls)
     dynmatrix    :      0.00s CPU      0.00s WALL (       1 calls)

     phqscf       :      2.41s CPU      2.27s WALL (       1 calls)
     solve_linter :      2.40s CPU      2.26s WALL (       2 calls)
     sth_kernel   :      2.07s CPU      1.94s WALL (      13 calls)
     h_prec       :      0.00s CPU      0.00s WALL (     264 calls)
     apply_dpot_b :      0.13s CPU      0.13s WALL (      90 calls)
     ortho        :      0.00s CPU      0.00s WALL (     180 calls)
     cgsolve      :      7.55s CPU      7.06s WALL (     342 calls)
     incdrhoscf   :      0.33s CPU      0.31s WALL (     225 calls)
                                        0.00s GPU  (     225 calls)
     dv_of_drho   :      0.20s CPU      0.19s WALL (      84 calls)
     mix_pot      :      0.08s CPU      0.22s WALL (      19 calls)
     drhodv       :      0.01s CPU      0.01s WALL (       2 calls)
     symdvscf     :      1.64s CPU      1.53s WALL (      13 calls)
     com_dvloc    :      0.04s CPU      0.04s WALL (     120 calls)
                                        0.00s GPU  (     120 calls)
     addcore      :      0.00s CPU      0.00s WALL (      24 calls)
                                        0.00s GPU  (      24 calls)

     dvqpsi_us    :      0.22s CPU      0.20s WALL (     108 calls)
                                        0.00s GPU  (     108 calls)
     dvqpsi_us_on :      0.01s CPU      0.01s WALL (     108 calls)

     add_vuspsi   :      0.10s CPU      0.09s WALL (    6206 calls)


      General routines
     calbec       :      0.13s CPU      0.12s WALL (    7675 calls)
     fft          :      0.28s CPU      0.28s WALL (     422 calls)
     ffts         :      0.08s CPU      0.08s WALL (     286 calls)
     fftw         :      7.29s CPU      6.83s WALL (   44882 calls)
     davcio       :      0.05s CPU      0.16s WALL (    1260 calls)
     write_rec    :      0.02s CPU      0.04s WALL (      21 calls)

      Additional routines
     ch_psi       :      7.42s CPU      6.94s WALL (    5122 calls)
     last         :      0.14s CPU      0.13s WALL (    5122 calls)
     Hesh         :      0.01s CPU      0.01s WALL (    5122 calls)
     ch_psi_all_k :      0.12s CPU      0.12s WALL (    5122 calls)
                                        0.00s GPU  (    5122 calls)
     h_psi_bgrp   :      7.67s CPU      7.19s WALL (    6206 calls)
     h_psi        :      7.67s CPU      7.18s WALL (    6206 calls)
     h_psi:pot    :      7.65s CPU      7.17s WALL (    6206 calls)
     h_psi:calbec :      0.12s CPU      0.11s WALL (    6206 calls)
     s_psi_bgrp   :      0.01s CPU      0.01s WALL (   12564 calls)


     PHONON       :     12.64s CPU     12.05s WALL


   This run was terminated on:   9:20:36  27Aug2025            

=------------------------------------------------------------------------------=
   JOB DONE.
=------------------------------------------------------------------------------=
