
Running SCF calculation...
  Total energy: -213.123973 eV

Running DFPT phonon calculation...
  ph.x completed successfully

Calculating Raman spectra...
  dynmat.x completed successfully

Cleaning up and organizing files...
  Moved all vibrational calculation files to vibrational_results directory

=== Raman Calculation Complete ===
Generated files:
- SCF calculation files: tmp/
- Phonon calculation files: vibrational_results/ph.*
- Dynamical matrix files: vibrational_results/si.dyn*
- Final Raman and IR data: dynmat.out
