LÃ¶wdin Charges from SCF calculation (projwfc.out):
================================================
Lowdin Charges: 

     Atom #   1: total charge =   2.9558, s =  0.9282, 
     Atom #   1: total charge =   2.9558, p =  2.0276, pz=  0.6759, px=  0.6759, py=  0.6759, 

Spilling Parameter: 0.014700
