
Using k-point grid (13, 13, 13) for ecutwfc convergence testing

Starting convergence tests...
============================================================

1. Testing ecutwfc convergence with k-point grid (13, 13, 13) :
------------------------------------------------------------
ecutwfc (Ry)   Energy (eV)    ΔE (meV/atom)
------------------------------------------------------------
      20.0     -230.247524     -
      25.0     -230.266372     -9.424 
      30.0     -230.271329     -2.479 
      35.0     -230.273691     -1.181 
      40.0     -230.274387     -0.348 
      45.0     -230.274473     -0.043 
      50.0     -230.274554     -0.041 
      55.0     -230.274646     -0.046 
      60.0     -230.274690     -0.022 
      65.0     -230.274700     -0.005 *
------------------------------------------------------------
>>> ecutwfc CONVERGED at 65 Ry (ΔE < 0.01 meV/atom)
------------------------------------------------------------

2. Testing k-point convergence with ecutwfc = 65 Ry:
------------------------------------------------------------
K-point grid   Energy (eV)    ΔE (meV/atom)
------------------------------------------------------------
(2, 2, 2)        -227.715356     -
(3, 3, 3)        -229.655202   -969.923 
(4, 4, 4)        -230.086156   -215.477 
(5, 5, 5)        -230.210060    -61.952 
(6, 6, 6)        -230.250699    -20.320 
(7, 7, 7)        -230.265272     -7.287 
(8, 8, 8)        -230.270850     -2.789 
(9, 9, 9)        -230.273095     -1.123 
(10, 10, 10)     -230.274034     -0.470 
(11, 11, 11)     -230.274439     -0.203 
(12, 12, 12)     -230.274619     -0.090 
(13, 13, 13)     -230.274700     -0.041 
(14, 14, 14)     -230.274738     -0.019 
(15, 15, 15)     -230.274756     -0.009 *
------------------------------------------------------------
>>> K-points CONVERGED at (15, 15, 15) (ΔE < 0.01 meV/atom)
------------------------------------------------------------
============================================================
Convergence summary:
- ecutwfc: 65
- k-points: (15, 15, 15)
============================================================
